2025-03-23 00:43:58,778 - INFO - Firestore client initialized successfully.
2025-03-23 00:44:35,203 - INFO - Firestore client initialized successfully.
2025-03-23 07:52:38,785 - ERROR - Failed to initialize Firestore client: [Errno 2] No such file or directory: 'genaigenesis-c2ada-firebase-adminsdk-fbsvc-81a1978d23.json'
2025-03-23 07:53:09,953 - ERROR - Failed to initialize Firestore client: [Errno 2] No such file or directory: 'genaigenesis-c2ada-firebase-adminsdk-fbsvc-81a1978d23.json'
2025-03-23 07:53:50,850 - INFO - Firestore client initialized successfully.
2025-03-23 07:53:51,544 - INFO - Successfully fetched 5 patients
2025-03-23 07:53:59,915 - INFO - Firestore client initialized successfully.
2025-03-23 07:54:00,955 - INFO - Firestore client initialized successfully.
2025-03-23 07:54:01,220 - INFO - Successfully fetched 5 patients
2025-03-23 07:55:02,503 - INFO - Firestore client initialized successfully.
2025-03-23 07:55:02,872 - INFO - Successfully fetched 5 patients
2025-03-23 07:56:31,330 - INFO - Firestore client initialized successfully.
2025-03-23 07:56:31,613 - INFO - Successfully fetched 5 patients
2025-03-23 07:56:56,804 - INFO - Firestore client initialized successfully.
2025-03-23 07:56:57,159 - INFO - Successfully fetched 5 patients
2025-03-23 07:57:27,437 - INFO - Firestore client initialized successfully.
2025-03-23 07:57:28,651 - INFO - Firestore client initialized successfully.
2025-03-23 07:57:29,031 - INFO - Successfully fetched 5 patients
2025-03-23 07:57:29,346 - INFO - Firestore client initialized successfully.
2025-03-23 07:57:30,203 - INFO - Firestore client initialized successfully.
2025-03-23 07:57:32,650 - INFO - Firestore client initialized successfully.
2025-03-23 07:57:32,890 - INFO - Successfully fetched 5 patients
2025-03-23 07:57:36,975 - INFO - Firestore client initialized successfully.
2025-03-23 07:57:44,544 - INFO - Firestore client initialized successfully.
2025-03-23 07:57:44,927 - INFO - Firestore client initialized successfully.
2025-03-23 07:57:45,315 - INFO - Successfully fetched 5 patients
2025-03-23 07:59:16,615 - INFO - Firestore client initialized successfully.
2025-03-23 07:59:17,002 - INFO - Successfully fetched 5 patients
2025-03-23 07:59:36,224 - INFO - Firestore client initialized successfully.
2025-03-23 07:59:36,585 - INFO - Successfully fetched 5 patients
2025-03-23 07:59:53,278 - INFO - Firestore client initialized successfully.
2025-03-23 07:59:53,548 - INFO - Successfully fetched 5 patients
2025-03-23 08:00:34,786 - INFO - Firestore client initialized successfully.
2025-03-23 08:00:35,055 - INFO - Successfully fetched 5 patients
2025-03-23 08:01:53,474 - INFO - Firestore client initialized successfully.
2025-03-23 08:01:53,745 - INFO - Successfully fetched 5 patients
2025-03-23 08:02:43,082 - INFO - Firestore client initialized successfully.
2025-03-23 08:02:43,361 - INFO - Successfully fetched 5 patients
2025-03-23 08:03:32,945 - INFO - Firestore client initialized successfully.
2025-03-23 08:03:33,475 - INFO - Successfully fetched 5 patients
2025-03-23 08:03:40,912 - INFO - Firestore client initialized successfully.
2025-03-23 08:03:41,213 - INFO - Successfully fetched 5 patients
2025-03-23 08:03:44,396 - INFO - Firestore client initialized successfully.
2025-03-23 08:03:44,712 - INFO - Successfully fetched 5 patients
2025-03-23 08:03:51,795 - INFO - Firestore client initialized successfully.
2025-03-23 08:03:52,050 - INFO - Successfully fetched 5 patients
2025-03-23 08:03:52,574 - INFO - Firestore client initialized successfully.
2025-03-23 08:03:52,833 - INFO - Successfully fetched 5 patients
2025-03-23 08:04:02,744 - INFO - Firestore client initialized successfully.
2025-03-23 08:04:04,893 - INFO - Firestore client initialized successfully.
2025-03-23 08:04:05,188 - INFO - Successfully fetched 5 patients
2025-03-23 08:04:06,877 - INFO - Firestore client initialized successfully.
2025-03-23 08:04:07,812 - INFO - Firestore client initialized successfully.
2025-03-23 08:04:08,110 - INFO - Successfully fetched 5 patients
2025-03-23 08:04:26,616 - INFO - Firestore client initialized successfully.
2025-03-23 08:04:26,942 - INFO - Successfully fetched 5 patients
2025-03-23 08:04:33,025 - INFO - Firestore client initialized successfully.
2025-03-23 08:04:33,419 - INFO - Successfully fetched 5 patients
2025-03-23 08:04:37,770 - INFO - Firestore client initialized successfully.
2025-03-23 08:04:38,153 - INFO - Successfully fetched 5 patients
2025-03-23 08:05:18,456 - INFO - Firestore client initialized successfully.
2025-03-23 08:05:19,388 - INFO - Firestore client initialized successfully.
2025-03-23 08:05:47,367 - INFO - Firestore client initialized successfully.
2025-03-23 08:05:47,675 - INFO - Successfully fetched 5 patients
2025-03-23 08:05:49,133 - INFO - Firestore client initialized successfully.
2025-03-23 08:05:57,014 - INFO - Firestore client initialized successfully.
2025-03-23 08:05:57,298 - INFO - Successfully fetched 5 patients
2025-03-23 08:06:01,507 - INFO - Firestore client initialized successfully.
2025-03-23 08:06:04,404 - INFO - Firestore client initialized successfully.
2025-03-23 08:09:09,687 - INFO - Firestore client initialized successfully.
2025-03-23 08:09:10,083 - INFO - Successfully fetched 5 patients
2025-03-23 08:09:12,338 - INFO - Firestore client initialized successfully.
2025-03-23 08:09:13,047 - INFO - Firestore client initialized successfully.
2025-03-23 08:09:13,319 - INFO - Successfully fetched 5 patients
2025-03-23 08:09:14,309 - INFO - Firestore client initialized successfully.
2025-03-23 08:09:15,127 - INFO - Firestore client initialized successfully.
2025-03-23 08:09:15,439 - INFO - Successfully fetched 5 patients
2025-03-23 08:09:15,567 - INFO - Firestore client initialized successfully.
2025-03-23 08:09:17,958 - INFO - Firestore client initialized successfully.
2025-03-23 08:10:03,284 - INFO - Firestore client initialized successfully.
2025-03-23 08:10:03,674 - INFO - Successfully fetched 5 patients
2025-03-23 08:10:05,082 - INFO - Firestore client initialized successfully.
2025-03-23 08:10:05,557 - INFO - Firestore client initialized successfully.
2025-03-23 08:10:05,977 - INFO - Successfully fetched 5 patients
2025-03-23 08:10:07,142 - INFO - Firestore client initialized successfully.
2025-03-23 08:10:09,421 - INFO - Firestore client initialized successfully.
2025-03-23 08:10:45,189 - INFO - Firestore client initialized successfully.
2025-03-23 08:10:45,474 - INFO - Successfully fetched 5 patients
2025-03-23 08:10:45,695 - INFO - Firestore client initialized successfully.
2025-03-23 08:10:46,175 - INFO - Firestore client initialized successfully.
2025-03-23 08:10:46,616 - INFO - Successfully fetched 5 patients
2025-03-23 08:10:47,297 - INFO - Firestore client initialized successfully.
2025-03-23 08:10:48,508 - INFO - Firestore client initialized successfully.
2025-03-23 08:10:48,900 - INFO - Successfully fetched 5 patients
2025-03-23 08:13:10,712 - INFO - Firestore client initialized successfully.
2025-03-23 08:13:11,031 - INFO - Successfully fetched 5 patients
2025-03-23 08:13:21,993 - INFO - Firestore client initialized successfully.
2025-03-23 08:13:22,347 - INFO - Successfully fetched 5 patients
2025-03-23 08:13:24,558 - INFO - Firestore client initialized successfully.
2025-03-23 08:13:26,941 - INFO - Firestore client initialized successfully.
2025-03-23 08:13:27,425 - INFO - Successfully fetched 5 patients
2025-03-23 08:17:45,793 - INFO - Firestore client initialized successfully.
2025-03-23 08:17:46,911 - INFO - Firestore client initialized successfully.
2025-03-23 08:17:47,338 - INFO - Successfully fetched 4 patients
2025-03-23 08:17:47,675 - INFO - Firestore client initialized successfully.
2025-03-23 08:17:50,641 - INFO - Firestore client initialized successfully.
2025-03-23 08:20:59,663 - INFO - Firestore client initialized successfully.
2025-03-23 08:20:59,977 - INFO - Successfully fetched 5 patients
2025-03-23 08:21:12,782 - INFO - Firestore client initialized successfully.
2025-03-23 08:21:17,567 - INFO - Firestore client initialized successfully.
2025-03-23 08:21:29,012 - INFO - Firestore client initialized successfully.
2025-03-23 08:21:29,293 - INFO - Successfully fetched 5 patients
2025-03-23 08:26:08,866 - INFO - Firestore client initialized successfully.
2025-03-23 08:26:09,251 - INFO - Successfully fetched 5 patients
2025-03-23 08:29:44,542 - INFO - Firestore client initialized successfully.
2025-03-23 08:29:44,986 - INFO - Successfully fetched 7 patients
2025-03-23 08:30:55,507 - INFO - Firestore client initialized successfully.
2025-03-23 08:30:55,926 - INFO - Successfully fetched 7 patients
2025-03-23 08:33:31,097 - INFO - Firestore client initialized successfully.
2025-03-23 08:33:31,705 - ERROR - Error adding patient: 400 Document name "projects/genaigenesis-c2ada/databases/(default)/documents/patients/" has invalid trailing "/".
2025-03-23 08:33:31,788 - INFO - Successfully fetched 5 patients
2025-03-23 08:33:41,093 - INFO - Firestore client initialized successfully.
2025-03-23 08:33:41,394 - INFO - Successfully fetched 5 patients
2025-03-23 08:38:21,034 - INFO - Firestore client initialized successfully.
2025-03-23 08:38:22,375 - INFO - Firestore client initialized successfully.
2025-03-23 08:38:22,748 - INFO - Successfully fetched 7 patients
2025-03-23 08:38:25,583 - INFO - Firestore client initialized successfully.
2025-03-23 09:00:25,918 - INFO - Firestore client initialized successfully.
2025-03-23 09:00:26,629 - INFO - Successfully fetched 7 patients
2025-03-23 11:13:02,306 - INFO - Firestore client initialized successfully.
2025-03-23 11:13:03,033 - INFO - Successfully fetched 7 patients
2025-03-23 11:13:18,217 - INFO - Firestore client initialized successfully.
2025-03-23 11:13:22,824 - INFO - Firestore client initialized successfully.
2025-03-23 11:13:23,268 - INFO - Successfully fetched 7 patients
2025-03-23 11:14:27,823 - INFO - Firestore client initialized successfully.
2025-03-23 11:14:28,151 - INFO - New patient added: Test 123
2025-03-23 11:14:28,242 - INFO - Successfully fetched 8 patients
2025-03-23 11:14:44,892 - INFO - Firestore client initialized successfully.
2025-03-23 11:14:48,558 - INFO - Firestore client initialized successfully.
2025-03-23 11:15:10,575 - INFO - Firestore client initialized successfully.
2025-03-23 11:15:22,003 - INFO - Firestore client initialized successfully.
2025-03-23 11:15:22,302 - INFO - Successfully fetched 8 patients
2025-03-23 11:15:23,524 - INFO - Firestore client initialized successfully.
2025-03-23 11:24:29,463 - INFO - Firestore client initialized successfully.
2025-03-23 11:24:29,842 - INFO - Successfully fetched 8 patients
2025-03-23 11:45:55,944 - INFO - Firestore client initialized successfully.
2025-03-23 11:45:57,086 - INFO - Firestore client initialized successfully.
2025-03-23 11:45:57,606 - INFO - Successfully fetched 8 patients
2025-03-23 11:47:41,558 - INFO - Firestore client initialized successfully.
2025-03-23 11:51:06,856 - INFO - Firestore client initialized successfully.
2025-03-23 11:51:07,391 - INFO - Firestore client initialized successfully.
2025-03-23 11:51:09,207 - INFO - Firestore client initialized successfully.
2025-03-23 11:51:09,588 - INFO - Firestore client initialized successfully.
2025-03-23 11:51:11,896 - INFO - Firestore client initialized successfully.
2025-03-23 11:51:12,244 - INFO - Successfully fetched 8 patients
2025-03-23 17:09:55,049 - INFO - Firestore client initialized successfully.
2025-03-23 17:09:55,848 - INFO - Successfully fetched 8 patients
